Component: ARM Compiler 5.05 update 1 (build 106) Tool: armlink [4d0efa]

==============================================================================

Section Cross References

    main.o(.text) refers to runtime.o(.text) for Runtime_Init
    runtime.o(.text) refers to stf030_rcc.o(.text) for Rcc_Init_Hsi
    runtime.o(.text) refers to delay.o(.text) for delay_init
    runtime.o(.text) refers to stf030_gpio.o(.text) for Gpio_Init
    runtime.o(.text) refers to stf030_timer.o(.text) for Tim14_Init
    runtime.o(.text) refers to futaba_vfd.o(.text) for Futaba_VFD_Init
    runtime.o(.text) refers to led.o(.text) for LED_Init
    startup_stm32f0xx.o(STACK) refers (Special) to heapauxi.o(.text) for __use_two_region_memory
    startup_stm32f0xx.o(HEAP) refers (Special) to heapauxi.o(.text) for __use_two_region_memory
    startup_stm32f0xx.o(RESET) refers (Special) to heapauxi.o(.text) for __use_two_region_memory
    startup_stm32f0xx.o(RESET) refers to startup_stm32f0xx.o(STACK) for __initial_sp
    startup_stm32f0xx.o(RESET) refers to startup_stm32f0xx.o(.text) for Reset_Handler
    startup_stm32f0xx.o(RESET) refers to stf030_interrupt.o(.text) for TIM3_IRQHandler
    startup_stm32f0xx.o(.text) refers (Special) to heapauxi.o(.text) for __use_two_region_memory
    startup_stm32f0xx.o(.text) refers to system_stm32f0xx.o(.text) for SystemInit
    startup_stm32f0xx.o(.text) refers to __main.o(!!!main) for __main
    startup_stm32f0xx.o(.text) refers to startup_stm32f0xx.o(HEAP) for Heap_Mem
    startup_stm32f0xx.o(.text) refers to startup_stm32f0xx.o(STACK) for Stack_Mem
    stf030_interrupt.o(.text) refers to stm32f0xx_tim.o(.text) for TIM_GetITStatus
    stf030_interrupt.o(.text) refers to futaba_vfd.o(.text) for Futaba_VFD_TICK
    stf030_timer.o(.text) refers to stm32f0xx_tim.o(.text) for TIM_DeInit
    stf030_timer.o(.text) refers to stm32f0xx_rcc.o(.text) for RCC_APB1PeriphClockCmd
    stf030_timer.o(.text) refers to stm32f0xx_misc.o(.text) for NVIC_Init
    led.o(.text) refers to stm32f0xx_rcc.o(.text) for RCC_AHBPeriphClockCmd
    led.o(.text) refers to stm32f0xx_gpio.o(.text) for GPIO_Init
    led.o(.text) refers to led.o(.data) for .data
    futaba_vfd.o(.text) refers to futaba_vfd.o(i.__ARM_common_switch8) for __ARM_common_switch8
    futaba_vfd.o(.text) refers to stm32f0xx_rcc.o(.text) for RCC_AHBPeriphClockCmd
    futaba_vfd.o(.text) refers to stm32f0xx_gpio.o(.text) for GPIO_Init
    futaba_vfd.o(.text) refers to delay.o(.text) for delay_ms
    futaba_vfd.o(.text) refers to futaba_vfd.o(.data) for .data
    system_stm32f0xx.o(.text) refers to aeabi_sdiv.o(.text) for __aeabi_uidivmod
    system_stm32f0xx.o(.text) refers to system_stm32f0xx.o(.data) for .data
    delay.o(.text) refers to stm32f0xx_misc.o(.text) for SysTick_CLKSourceConfig
    delay.o(.text) refers to aeabi_sdiv.o(.text) for __aeabi_uidivmod
    delay.o(.text) refers to system_stm32f0xx.o(.data) for SystemCoreClock
    delay.o(.text) refers to delay.o(.data) for .data
    stm32f0xx_gpio.o(.text) refers to stm32f0xx_rcc.o(.text) for RCC_AHBPeriphResetCmd
    stm32f0xx_rcc.o(.text) refers to aeabi_sdiv.o(.text) for __aeabi_uidivmod
    stm32f0xx_rcc.o(.text) refers to stm32f0xx_rcc.o(.data) for .data
    stm32f0xx_usart.o(.text) refers to stm32f0xx_rcc.o(.text) for RCC_APB2PeriphResetCmd
    stm32f0xx_usart.o(.text) refers to aeabi_sdiv.o(.text) for __aeabi_uidivmod
    stm32f0xx_tim.o(.text) refers to stm32f0xx_rcc.o(.text) for RCC_APB1PeriphResetCmd
    __main.o(!!!main) refers to __rtentry.o(.ARM.Collect$$rtentry$$00000000) for __rt_entry
    __rtentry.o(.ARM.Collect$$rtentry$$00000000) refers (Special) to __rtentry2.o(.ARM.Collect$$rtentry$$0000000A) for __rt_entry_li
    __rtentry.o(.ARM.Collect$$rtentry$$00000000) refers (Special) to __rtentry2.o(.ARM.Collect$$rtentry$$0000000D) for __rt_entry_main
    __rtentry.o(.ARM.Collect$$rtentry$$00000000) refers (Special) to __rtentry2.o(.ARM.Collect$$rtentry$$0000000C) for __rt_entry_postli_1
    __rtentry.o(.ARM.Collect$$rtentry$$00000000) refers (Special) to __rtentry2.o(.ARM.Collect$$rtentry$$00000009) for __rt_entry_postsh_1
    __rtentry.o(.ARM.Collect$$rtentry$$00000000) refers (Special) to __rtentry2.o(.ARM.Collect$$rtentry$$00000002) for __rt_entry_presh_1
    __rtentry.o(.ARM.Collect$$rtentry$$00000000) refers (Special) to __rtentry4.o(.ARM.Collect$$rtentry$$00000004) for __rt_entry_sh
    aeabi_idiv0_sigfpe.o(.text) refers to rt_div0.o(.text) for __rt_div0
    __rtentry2.o(.ARM.Collect$$rtentry$$00000008) refers to boardinit2.o(.text) for _platform_post_stackheap_init
    __rtentry2.o(.ARM.Collect$$rtentry$$0000000A) refers to libinit.o(.ARM.Collect$$libinit$$00000000) for __rt_lib_init
    __rtentry2.o(.ARM.Collect$$rtentry$$0000000B) refers to boardinit3.o(.text) for _platform_post_lib_init
    __rtentry2.o(.ARM.Collect$$rtentry$$0000000D) refers to main.o(.text) for main
    __rtentry2.o(.ARM.Collect$$rtentry$$0000000D) refers to exit.o(.text) for exit
    __rtentry2.o(.ARM.exidx) refers to __rtentry2.o(.ARM.Collect$$rtentry$$00000001) for .ARM.Collect$$rtentry$$00000001
    __rtentry2.o(.ARM.exidx) refers to __rtentry2.o(.ARM.Collect$$rtentry$$00000008) for .ARM.Collect$$rtentry$$00000008
    __rtentry2.o(.ARM.exidx) refers to __rtentry2.o(.ARM.Collect$$rtentry$$0000000A) for .ARM.Collect$$rtentry$$0000000A
    __rtentry2.o(.ARM.exidx) refers to __rtentry2.o(.ARM.Collect$$rtentry$$0000000B) for .ARM.Collect$$rtentry$$0000000B
    __rtentry2.o(.ARM.exidx) refers to __rtentry2.o(.ARM.Collect$$rtentry$$0000000D) for .ARM.Collect$$rtentry$$0000000D
    __rtentry4.o(.ARM.Collect$$rtentry$$00000004) refers to sys_stackheap_outer.o(.text) for __user_setup_stackheap
    __rtentry4.o(.ARM.exidx) refers to __rtentry4.o(.ARM.Collect$$rtentry$$00000004) for .ARM.Collect$$rtentry$$00000004
    rt_div0.o(.text) refers to defsig_fpe_outer.o(.text) for __rt_SIGFPE
    sys_stackheap_outer.o(.text) refers to libspace.o(.text) for __user_perproc_libspace
    sys_stackheap_outer.o(.text) refers to startup_stm32f0xx.o(.text) for __user_initial_stackheap
    sys_stackheap_outer.o(__vectab_stack_and_reset_area) refers to tempstk.o(.text) for __temporary_stack_top
    sys_stackheap_outer.o(__vectab_stack_and_reset_area) refers to __main.o(!!!main) for __main
    exit.o(.text) refers to rtexit.o(.ARM.Collect$$rtexit$$00000000) for __rt_exit
    defsig_fpe_outer.o(.text) refers to defsig_fpe_inner.o(.text) for __rt_SIGFPE_inner
    defsig_fpe_outer.o(.text) refers to defsig_exit.o(.text) for __sig_exit
    defsig_fpe_formal.o(.text) refers to rt_raise.o(.text) for __rt_raise
    libinit.o(.ARM.Collect$$libinit$$00000000) refers (Special) to libinit2.o(.ARM.Collect$$libinit$$0000002E) for __rt_lib_init_alloca_1
    libinit.o(.ARM.Collect$$libinit$$00000000) refers (Special) to libinit2.o(.ARM.Collect$$libinit$$0000002C) for __rt_lib_init_argv_1
    libinit.o(.ARM.Collect$$libinit$$00000000) refers (Special) to libinit2.o(.ARM.Collect$$libinit$$0000001B) for __rt_lib_init_atexit_1
    libinit.o(.ARM.Collect$$libinit$$00000000) refers (Special) to libinit2.o(.ARM.Collect$$libinit$$00000021) for __rt_lib_init_clock_1
    libinit.o(.ARM.Collect$$libinit$$00000000) refers (Special) to libinit2.o(.ARM.Collect$$libinit$$00000032) for __rt_lib_init_cpp_1
    libinit.o(.ARM.Collect$$libinit$$00000000) refers (Special) to libinit2.o(.ARM.Collect$$libinit$$00000030) for __rt_lib_init_exceptions_1
    libinit.o(.ARM.Collect$$libinit$$00000000) refers (Special) to libinit2.o(.ARM.Collect$$libinit$$00000002) for __rt_lib_init_fp_1
    libinit.o(.ARM.Collect$$libinit$$00000000) refers (Special) to libinit2.o(.ARM.Collect$$libinit$$0000001F) for __rt_lib_init_fp_trap_1
    libinit.o(.ARM.Collect$$libinit$$00000000) refers (Special) to libinit2.o(.ARM.Collect$$libinit$$00000023) for __rt_lib_init_getenv_1
    libinit.o(.ARM.Collect$$libinit$$00000000) refers (Special) to libinit2.o(.ARM.Collect$$libinit$$0000000A) for __rt_lib_init_heap_1
    libinit.o(.ARM.Collect$$libinit$$00000000) refers (Special) to libinit2.o(.ARM.Collect$$libinit$$00000011) for __rt_lib_init_lc_collate_1
    libinit.o(.ARM.Collect$$libinit$$00000000) refers (Special) to libinit2.o(.ARM.Collect$$libinit$$00000013) for __rt_lib_init_lc_ctype_1
    libinit.o(.ARM.Collect$$libinit$$00000000) refers (Special) to libinit2.o(.ARM.Collect$$libinit$$00000015) for __rt_lib_init_lc_monetary_1
    libinit.o(.ARM.Collect$$libinit$$00000000) refers (Special) to libinit2.o(.ARM.Collect$$libinit$$00000017) for __rt_lib_init_lc_numeric_1
    libinit.o(.ARM.Collect$$libinit$$00000000) refers (Special) to libinit2.o(.ARM.Collect$$libinit$$00000019) for __rt_lib_init_lc_time_1
    libinit.o(.ARM.Collect$$libinit$$00000000) refers (Special) to libinit2.o(.ARM.Collect$$libinit$$00000004) for __rt_lib_init_preinit_1
    libinit.o(.ARM.Collect$$libinit$$00000000) refers (Special) to libinit2.o(.ARM.Collect$$libinit$$0000000E) for __rt_lib_init_rand_1
    libinit.o(.ARM.Collect$$libinit$$00000000) refers (Special) to libinit2.o(.ARM.Collect$$libinit$$00000033) for __rt_lib_init_return
    libinit.o(.ARM.Collect$$libinit$$00000000) refers (Special) to libinit2.o(.ARM.Collect$$libinit$$0000001D) for __rt_lib_init_signal_1
    libinit.o(.ARM.Collect$$libinit$$00000000) refers (Special) to libinit2.o(.ARM.Collect$$libinit$$00000025) for __rt_lib_init_stdio_1
    libinit.o(.ARM.Collect$$libinit$$00000000) refers (Special) to libinit2.o(.ARM.Collect$$libinit$$0000000C) for __rt_lib_init_user_alloc_1
    libspace.o(.text) refers to libspace.o(.bss) for __libspace_start
    rtexit.o(.ARM.Collect$$rtexit$$00000000) refers (Special) to rtexit2.o(.ARM.Collect$$rtexit$$00000004) for __rt_exit_exit
    rtexit.o(.ARM.Collect$$rtexit$$00000000) refers (Special) to rtexit2.o(.ARM.Collect$$rtexit$$00000003) for __rt_exit_ls
    rtexit.o(.ARM.Collect$$rtexit$$00000000) refers (Special) to rtexit2.o(.ARM.Collect$$rtexit$$00000002) for __rt_exit_prels_1
    rtexit.o(.ARM.exidx) refers (Special) to rtexit2.o(.ARM.Collect$$rtexit$$00000004) for __rt_exit_exit
    rtexit.o(.ARM.exidx) refers (Special) to rtexit2.o(.ARM.Collect$$rtexit$$00000003) for __rt_exit_ls
    rtexit.o(.ARM.exidx) refers (Special) to rtexit2.o(.ARM.Collect$$rtexit$$00000002) for __rt_exit_prels_1
    rtexit.o(.ARM.exidx) refers to rtexit.o(.ARM.Collect$$rtexit$$00000000) for .ARM.Collect$$rtexit$$00000000
    rt_raise.o(.text) refers to __raise.o(.text) for __raise
    rt_raise.o(.text) refers to sys_exit.o(.text) for _sys_exit
    defsig_exit.o(.text) refers to sys_exit.o(.text) for _sys_exit
    defsig_fpe_inner.o(.text) refers to defsig_general.o(.text) for __default_signal_display
    libinit2.o(.ARM.Collect$$libinit$$00000010) refers to libinit2.o(.ARM.Collect$$libinit$$0000000F) for .ARM.Collect$$libinit$$0000000F
    libinit2.o(.ARM.Collect$$libinit$$00000012) refers to libinit2.o(.ARM.Collect$$libinit$$0000000F) for .ARM.Collect$$libinit$$0000000F
    libinit2.o(.ARM.Collect$$libinit$$00000014) refers to libinit2.o(.ARM.Collect$$libinit$$0000000F) for .ARM.Collect$$libinit$$0000000F
    libinit2.o(.ARM.Collect$$libinit$$00000016) refers to libinit2.o(.ARM.Collect$$libinit$$0000000F) for .ARM.Collect$$libinit$$0000000F
    libinit2.o(.ARM.Collect$$libinit$$00000018) refers to libinit2.o(.ARM.Collect$$libinit$$0000000F) for .ARM.Collect$$libinit$$0000000F
    libinit2.o(.ARM.Collect$$libinit$$00000026) refers to argv_veneer.o(.text) for __ARM_argv_veneer
    libinit2.o(.ARM.Collect$$libinit$$00000027) refers to argv_veneer.o(.text) for __ARM_argv_veneer
    sys_exit.o(.text) refers (Special) to use_no_semi.o(.text) for __I$use$semihosting
    sys_exit.o(.text) refers (Special) to indicate_semi.o(.text) for __semihosting_library_function
    rtexit2.o(.ARM.Collect$$rtexit$$00000003) refers to libshutdown.o(.ARM.Collect$$libshutdown$$00000000) for __rt_lib_shutdown
    rtexit2.o(.ARM.Collect$$rtexit$$00000004) refers to sys_exit.o(.text) for _sys_exit
    rtexit2.o(.ARM.exidx) refers to rtexit2.o(.ARM.Collect$$rtexit$$00000001) for .ARM.Collect$$rtexit$$00000001
    rtexit2.o(.ARM.exidx) refers to rtexit2.o(.ARM.Collect$$rtexit$$00000003) for .ARM.Collect$$rtexit$$00000003
    rtexit2.o(.ARM.exidx) refers to rtexit2.o(.ARM.Collect$$rtexit$$00000004) for .ARM.Collect$$rtexit$$00000004
    __raise.o(.text) refers to defsig.o(CL$$defsig) for __default_signal_handler
    defsig_general.o(.text) refers to sys_wrch.o(.text) for _ttywrch
    sys_wrch.o(.text) refers (Special) to use_no_semi.o(.text) for __I$use$semihosting
    sys_wrch.o(.text) refers (Special) to indicate_semi.o(.text) for __semihosting_library_function
    defsig.o(CL$$defsig) refers to defsig_fpe_inner.o(.text) for __rt_SIGFPE_inner
    defsig.o(CL$$defsig) refers to defsig_rtmem_inner.o(.text) for __rt_SIGRTMEM_inner
    _get_argv_nomalloc.o(.text) refers (Special) to hrguard.o(.text) for __heap_region$guard
    _get_argv_nomalloc.o(.text) refers to defsig_rtmem_outer.o(.text) for __rt_SIGRTMEM
    _get_argv_nomalloc.o(.text) refers to sys_command.o(.text) for _sys_command_string
    libshutdown.o(.ARM.Collect$$libshutdown$$00000000) refers (Special) to libshutdown2.o(.ARM.Collect$$libshutdown$$00000006) for __rt_lib_shutdown_fp_trap_1
    libshutdown.o(.ARM.Collect$$libshutdown$$00000000) refers (Special) to libshutdown2.o(.ARM.Collect$$libshutdown$$0000000E) for __rt_lib_shutdown_heap_1
    libshutdown.o(.ARM.Collect$$libshutdown$$00000000) refers (Special) to libshutdown2.o(.ARM.Collect$$libshutdown$$0000000F) for __rt_lib_shutdown_return
    libshutdown.o(.ARM.Collect$$libshutdown$$00000000) refers (Special) to libshutdown2.o(.ARM.Collect$$libshutdown$$00000009) for __rt_lib_shutdown_signal_1
    libshutdown.o(.ARM.Collect$$libshutdown$$00000000) refers (Special) to libshutdown2.o(.ARM.Collect$$libshutdown$$00000003) for __rt_lib_shutdown_stdio_1
    libshutdown.o(.ARM.Collect$$libshutdown$$00000000) refers (Special) to libshutdown2.o(.ARM.Collect$$libshutdown$$0000000B) for __rt_lib_shutdown_user_alloc_1
    sys_command.o(.text) refers (Special) to use_no_semi.o(.text) for __I$use$semihosting
    sys_command.o(.text) refers (Special) to indicate_semi.o(.text) for __semihosting_library_function
    defsig_abrt_inner.o(.text) refers to defsig_general.o(.text) for __default_signal_display
    defsig_rtred_inner.o(.text) refers to defsig_general.o(.text) for __default_signal_display
    defsig_rtmem_inner.o(.text) refers to defsig_general.o(.text) for __default_signal_display
    defsig_rtmem_outer.o(.text) refers to defsig_rtmem_inner.o(.text) for __rt_SIGRTMEM_inner
    defsig_rtmem_outer.o(.text) refers to defsig_exit.o(.text) for __sig_exit
    defsig_rtmem_formal.o(.text) refers to rt_raise.o(.text) for __rt_raise
    defsig_stak_inner.o(.text) refers to defsig_general.o(.text) for __default_signal_display
    defsig_pvfn_inner.o(.text) refers to defsig_general.o(.text) for __default_signal_display
    defsig_cppl_inner.o(.text) refers to defsig_general.o(.text) for __default_signal_display
    defsig_segv_inner.o(.text) refers to defsig_general.o(.text) for __default_signal_display
    defsig_other.o(.text) refers to defsig_general.o(.text) for __default_signal_display


==============================================================================

Removing Unused input sections from the image.

    Removing main.o(.emb_text), (8 bytes).
    Removing runtime.o(.emb_text), (8 bytes).
    Removing stf030_interrupt.o(.emb_text), (8 bytes).
    Removing stf030_interrupt.o(.data), (2 bytes).
    Removing stf030_interrupt.o(.data), (2 bytes).
    Removing stf030_interrupt.o(.data), (2 bytes).
    Removing stf030_interrupt.o(.data), (2 bytes).
    Removing stf030_timer.o(.emb_text), (8 bytes).
    Removing stf030_rcc.o(.emb_text), (8 bytes).
    Removing led.o(.emb_text), (8 bytes).
    Removing led.o(.data), (1 bytes).
    Removing led.o(.data), (1 bytes).
    Removing led.o(.data), (1 bytes).
    Removing led.o(.data), (1 bytes).
    Removing stf030_gpio.o(.emb_text), (8 bytes).
    Removing futaba_vfd.o(.emb_text), (8 bytes).
    Removing futaba_vfd.o(.data), (1 bytes).
    Removing futaba_vfd.o(.data), (1 bytes).
    Removing futaba_vfd.o(.data), (1 bytes).
    Removing futaba_vfd.o(.data), (1 bytes).
    Removing system_stm32f0xx.o(.emb_text), (8 bytes).
    Removing delay.o(.emb_text), (8 bytes).
    Removing stm32f0xx_gpio.o(.emb_text), (8 bytes).
    Removing stm32f0xx_rcc.o(.emb_text), (8 bytes).
    Removing stm32f0xx_misc.o(.emb_text), (8 bytes).
    Removing stm32f0xx_usart.o(.emb_text), (8 bytes).
    Removing stm32f0xx_usart.o(.text), (1122 bytes).
    Removing stm32f0xx_syscfg.o(.emb_text), (8 bytes).
    Removing stm32f0xx_syscfg.o(.text), (152 bytes).
    Removing stm32f0xx_tim.o(.emb_text), (8 bytes).

30 unused section(s) (total 1418 bytes) removed from the image.

==============================================================================

Image Symbol Table

    Local Symbols

    Symbol Name                              Value     Ov Type        Size  Object(Section)

    ../clib/angel/boardlib.s                 0x00000000   Number         0  boardinit2.o ABSOLUTE
    ../clib/angel/boardlib.s                 0x00000000   Number         0  boardinit3.o ABSOLUTE
    ../clib/angel/boardlib.s                 0x00000000   Number         0  boardinit1.o ABSOLUTE
    ../clib/angel/boardlib.s                 0x00000000   Number         0  boardshut.o ABSOLUTE
    ../clib/angel/handlers.s                 0x00000000   Number         0  __scatter_copy.o ABSOLUTE
    ../clib/angel/handlers.s                 0x00000000   Number         0  __scatter_zi.o ABSOLUTE
    ../clib/angel/kernel.s                   0x00000000   Number         0  __rtentry4.o ABSOLUTE
    ../clib/angel/kernel.s                   0x00000000   Number         0  __rtentry2.o ABSOLUTE
    ../clib/angel/kernel.s                   0x00000000   Number         0  rtexit.o ABSOLUTE
    ../clib/angel/kernel.s                   0x00000000   Number         0  __rtentry.o ABSOLUTE
    ../clib/angel/kernel.s                   0x00000000   Number         0  rtexit2.o ABSOLUTE
    ../clib/angel/rt.s                       0x00000000   Number         0  rt_raise.o ABSOLUTE
    ../clib/angel/rt.s                       0x00000000   Number         0  aeabi_idiv0_sigfpe.o ABSOLUTE
    ../clib/angel/rt.s                       0x00000000   Number         0  rt_div0.o ABSOLUTE
    ../clib/angel/rt.s                       0x00000000   Number         0  aeabi_idiv0.o ABSOLUTE
    ../clib/angel/scatterp.s                 0x00000000   Number         0  __scatter.o ABSOLUTE
    ../clib/angel/startup.s                  0x00000000   Number         0  __main.o ABSOLUTE
    ../clib/angel/sys.s                      0x00000000   Number         0  tempstk.o ABSOLUTE
    ../clib/angel/sys.s                      0x00000000   Number         0  indicate_semi.o ABSOLUTE
    ../clib/angel/sys.s                      0x00000000   Number         0  use_no_semi.o ABSOLUTE
    ../clib/angel/sys.s                      0x00000000   Number         0  libspace.o ABSOLUTE
    ../clib/angel/sys.s                      0x00000000   Number         0  sys_stackheap_outer.o ABSOLUTE
    ../clib/angel/sysapp.c                   0x00000000   Number         0  sys_wrch.o ABSOLUTE
    ../clib/angel/sysapp.c                   0x00000000   Number         0  sys_command.o ABSOLUTE
    ../clib/angel/sysapp.c                   0x00000000   Number         0  sys_exit.o ABSOLUTE
    ../clib/armsys.c                         0x00000000   Number         0  argv_veneer.o ABSOLUTE
    ../clib/armsys.c                         0x00000000   Number         0  no_argv.o ABSOLUTE
    ../clib/armsys.c                         0x00000000   Number         0  _get_argv_nomalloc.o ABSOLUTE
    ../clib/division.s                       0x00000000   Number         0  aeabi_sdiv_div0.o ABSOLUTE
    ../clib/division.s                       0x00000000   Number         0  aeabi_sdiv.o ABSOLUTE
    ../clib/heapalloc.c                      0x00000000   Number         0  hrguard.o ABSOLUTE
    ../clib/heapaux.c                        0x00000000   Number         0  heapauxi.o ABSOLUTE
    ../clib/libinit.s                        0x00000000   Number         0  libinit.o ABSOLUTE
    ../clib/libinit.s                        0x00000000   Number         0  libinit2.o ABSOLUTE
    ../clib/libinit.s                        0x00000000   Number         0  libshutdown.o ABSOLUTE
    ../clib/libinit.s                        0x00000000   Number         0  libshutdown2.o ABSOLUTE
    ../clib/signal.c                         0x00000000   Number         0  defsig_rtred_inner.o ABSOLUTE
    ../clib/signal.c                         0x00000000   Number         0  defsig_exit.o ABSOLUTE
    ../clib/signal.c                         0x00000000   Number         0  defsig_fpe_inner.o ABSOLUTE
    ../clib/signal.c                         0x00000000   Number         0  defsig_fpe_outer.o ABSOLUTE
    ../clib/signal.c                         0x00000000   Number         0  defsig_general.o ABSOLUTE
    ../clib/signal.c                         0x00000000   Number         0  __raise.o ABSOLUTE
    ../clib/signal.c                         0x00000000   Number         0  defsig_abrt_inner.o ABSOLUTE
    ../clib/signal.c                         0x00000000   Number         0  defsig_rtmem_outer.o ABSOLUTE
    ../clib/signal.c                         0x00000000   Number         0  defsig_cppl_inner.o ABSOLUTE
    ../clib/signal.c                         0x00000000   Number         0  defsig_pvfn_inner.o ABSOLUTE
    ../clib/signal.c                         0x00000000   Number         0  defsig_segv_inner.o ABSOLUTE
    ../clib/signal.c                         0x00000000   Number         0  defsig_other.o ABSOLUTE
    ../clib/signal.c                         0x00000000   Number         0  defsig_stak_inner.o ABSOLUTE
    ../clib/signal.c                         0x00000000   Number         0  defsig_rtmem_formal.o ABSOLUTE
    ../clib/signal.c                         0x00000000   Number         0  defsig_rtmem_inner.o ABSOLUTE
    ../clib/signal.c                         0x00000000   Number         0  defsig_fpe_formal.o ABSOLUTE
    ../clib/signal.s                         0x00000000   Number         0  defsig.o ABSOLUTE
    ../clib/stdlib.c                         0x00000000   Number         0  exit.o ABSOLUTE
    ../fplib/cfplib/fpinit.c                 0x00000000   Number         0  fpinit.o ABSOLUTE
    ..\CORE\startup_stm32f0xx.s              0x00000000   Number         0  startup_stm32f0xx.o ABSOLUTE
    ..\HARDWARE\FUTABA_13ST84GINK\FUTABA_VFD.c 0x00000000   Number         0  futaba_vfd.o ABSOLUTE
    ..\HARDWARE\LED\LED.c                    0x00000000   Number         0  led.o ABSOLUTE
    ..\HARDWARE\MCU_HARDWARE\STF030_Gpio.c   0x00000000   Number         0  stf030_gpio.o ABSOLUTE
    ..\HARDWARE\MCU_HARDWARE\STF030_Interrupt.c 0x00000000   Number         0  stf030_interrupt.o ABSOLUTE
    ..\HARDWARE\MCU_HARDWARE\STF030_Rcc.c    0x00000000   Number         0  stf030_rcc.o ABSOLUTE
    ..\HARDWARE\MCU_HARDWARE\STF030_Timer.c  0x00000000   Number         0  stf030_timer.o ABSOLUTE
    ..\SOFTWARE\Main.c                       0x00000000   Number         0  main.o ABSOLUTE
    ..\SOFTWARE\Runtime.c                    0x00000000   Number         0  runtime.o ABSOLUTE
    ..\STM32F03x_FWLib\src\stm32f0xx_gpio.c  0x00000000   Number         0  stm32f0xx_gpio.o ABSOLUTE
    ..\STM32F03x_FWLib\src\stm32f0xx_misc.c  0x00000000   Number         0  stm32f0xx_misc.o ABSOLUTE
    ..\STM32F03x_FWLib\src\stm32f0xx_rcc.c   0x00000000   Number         0  stm32f0xx_rcc.o ABSOLUTE
    ..\STM32F03x_FWLib\src\stm32f0xx_syscfg.c 0x00000000   Number         0  stm32f0xx_syscfg.o ABSOLUTE
    ..\STM32F03x_FWLib\src\stm32f0xx_tim.c   0x00000000   Number         0  stm32f0xx_tim.o ABSOLUTE
    ..\STM32F03x_FWLib\src\stm32f0xx_usart.c 0x00000000   Number         0  stm32f0xx_usart.o ABSOLUTE
    ..\SYSTEM\delay.c                        0x00000000   Number         0  delay.o ABSOLUTE
    ..\SYSTEM\system_stm32f0xx.c             0x00000000   Number         0  system_stm32f0xx.o ABSOLUTE
    ..\\HARDWARE\\FUTABA_13ST84GINK\\FUTABA_VFD.c 0x00000000   Number         0  futaba_vfd.o ABSOLUTE
    ..\\HARDWARE\\LED\\LED.c                 0x00000000   Number         0  led.o ABSOLUTE
    ..\\HARDWARE\\MCU_HARDWARE\\STF030_Gpio.c 0x00000000   Number         0  stf030_gpio.o ABSOLUTE
    ..\\HARDWARE\\MCU_HARDWARE\\STF030_Interrupt.c 0x00000000   Number         0  stf030_interrupt.o ABSOLUTE
    ..\\HARDWARE\\MCU_HARDWARE\\STF030_Rcc.c 0x00000000   Number         0  stf030_rcc.o ABSOLUTE
    ..\\HARDWARE\\MCU_HARDWARE\\STF030_Timer.c 0x00000000   Number         0  stf030_timer.o ABSOLUTE
    ..\\SOFTWARE\\Main.c                     0x00000000   Number         0  main.o ABSOLUTE
    ..\\SOFTWARE\\Runtime.c                  0x00000000   Number         0  runtime.o ABSOLUTE
    ..\\STM32F03x_FWLib\\src\\stm32f0xx_gpio.c 0x00000000   Number         0  stm32f0xx_gpio.o ABSOLUTE
    ..\\STM32F03x_FWLib\\src\\stm32f0xx_misc.c 0x00000000   Number         0  stm32f0xx_misc.o ABSOLUTE
    ..\\STM32F03x_FWLib\\src\\stm32f0xx_rcc.c 0x00000000   Number         0  stm32f0xx_rcc.o ABSOLUTE
    ..\\STM32F03x_FWLib\\src\\stm32f0xx_syscfg.c 0x00000000   Number         0  stm32f0xx_syscfg.o ABSOLUTE
    ..\\STM32F03x_FWLib\\src\\stm32f0xx_tim.c 0x00000000   Number         0  stm32f0xx_tim.o ABSOLUTE
    ..\\STM32F03x_FWLib\\src\\stm32f0xx_usart.c 0x00000000   Number         0  stm32f0xx_usart.o ABSOLUTE
    ..\\SYSTEM\\delay.c                      0x00000000   Number         0  delay.o ABSOLUTE
    ..\\SYSTEM\\system_stm32f0xx.c           0x00000000   Number         0  system_stm32f0xx.o ABSOLUTE
    dc.s                                     0x00000000   Number         0  dc.o ABSOLUTE
    RESET                                    0x08000000   Section      192  startup_stm32f0xx.o(RESET)
    !!!main                                  0x080000c0   Section        8  __main.o(!!!main)
    !!!scatter                               0x080000c8   Section       60  __scatter.o(!!!scatter)
    !!handler_copy                           0x08000104   Section       26  __scatter_copy.o(!!handler_copy)
    !!handler_zi                             0x08000120   Section       28  __scatter_zi.o(!!handler_zi)
    .ARM.Collect$$libinit$$00000000          0x0800013c   Section        2  libinit.o(.ARM.Collect$$libinit$$00000000)
    .ARM.Collect$$libinit$$00000002          0x0800013e   Section        0  libinit2.o(.ARM.Collect$$libinit$$00000002)
    .ARM.Collect$$libinit$$00000004          0x0800013e   Section        0  libinit2.o(.ARM.Collect$$libinit$$00000004)
    .ARM.Collect$$libinit$$0000000A          0x0800013e   Section        0  libinit2.o(.ARM.Collect$$libinit$$0000000A)
    .ARM.Collect$$libinit$$0000000C          0x0800013e   Section        0  libinit2.o(.ARM.Collect$$libinit$$0000000C)
    .ARM.Collect$$libinit$$0000000E          0x0800013e   Section        0  libinit2.o(.ARM.Collect$$libinit$$0000000E)
    .ARM.Collect$$libinit$$00000011          0x0800013e   Section        0  libinit2.o(.ARM.Collect$$libinit$$00000011)
    .ARM.Collect$$libinit$$00000013          0x0800013e   Section        0  libinit2.o(.ARM.Collect$$libinit$$00000013)
    .ARM.Collect$$libinit$$00000015          0x0800013e   Section        0  libinit2.o(.ARM.Collect$$libinit$$00000015)
    .ARM.Collect$$libinit$$00000017          0x0800013e   Section        0  libinit2.o(.ARM.Collect$$libinit$$00000017)
    .ARM.Collect$$libinit$$00000019          0x0800013e   Section        0  libinit2.o(.ARM.Collect$$libinit$$00000019)
    .ARM.Collect$$libinit$$0000001B          0x0800013e   Section        0  libinit2.o(.ARM.Collect$$libinit$$0000001B)
    .ARM.Collect$$libinit$$0000001D          0x0800013e   Section        0  libinit2.o(.ARM.Collect$$libinit$$0000001D)
    .ARM.Collect$$libinit$$0000001F          0x0800013e   Section        0  libinit2.o(.ARM.Collect$$libinit$$0000001F)
    .ARM.Collect$$libinit$$00000021          0x0800013e   Section        0  libinit2.o(.ARM.Collect$$libinit$$00000021)
    .ARM.Collect$$libinit$$00000023          0x0800013e   Section        0  libinit2.o(.ARM.Collect$$libinit$$00000023)
    .ARM.Collect$$libinit$$00000025          0x0800013e   Section        0  libinit2.o(.ARM.Collect$$libinit$$00000025)
    .ARM.Collect$$libinit$$0000002C          0x0800013e   Section        0  libinit2.o(.ARM.Collect$$libinit$$0000002C)
    .ARM.Collect$$libinit$$0000002E          0x0800013e   Section        0  libinit2.o(.ARM.Collect$$libinit$$0000002E)
    .ARM.Collect$$libinit$$00000030          0x0800013e   Section        0  libinit2.o(.ARM.Collect$$libinit$$00000030)
    .ARM.Collect$$libinit$$00000032          0x0800013e   Section        0  libinit2.o(.ARM.Collect$$libinit$$00000032)
    .ARM.Collect$$libinit$$00000033          0x0800013e   Section        2  libinit2.o(.ARM.Collect$$libinit$$00000033)
    .ARM.Collect$$libshutdown$$00000000      0x08000140   Section        2  libshutdown.o(.ARM.Collect$$libshutdown$$00000000)
    .ARM.Collect$$libshutdown$$00000003      0x08000142   Section        0  libshutdown2.o(.ARM.Collect$$libshutdown$$00000003)
    .ARM.Collect$$libshutdown$$00000006      0x08000142   Section        0  libshutdown2.o(.ARM.Collect$$libshutdown$$00000006)
    .ARM.Collect$$libshutdown$$00000009      0x08000142   Section        0  libshutdown2.o(.ARM.Collect$$libshutdown$$00000009)
    .ARM.Collect$$libshutdown$$0000000B      0x08000142   Section        0  libshutdown2.o(.ARM.Collect$$libshutdown$$0000000B)
    .ARM.Collect$$libshutdown$$0000000E      0x08000142   Section        0  libshutdown2.o(.ARM.Collect$$libshutdown$$0000000E)
    .ARM.Collect$$libshutdown$$0000000F      0x08000142   Section        2  libshutdown2.o(.ARM.Collect$$libshutdown$$0000000F)
    .ARM.Collect$$rtentry$$00000000          0x08000144   Section        0  __rtentry.o(.ARM.Collect$$rtentry$$00000000)
    .ARM.Collect$$rtentry$$00000002          0x08000144   Section        0  __rtentry2.o(.ARM.Collect$$rtentry$$00000002)
    .ARM.Collect$$rtentry$$00000004          0x08000144   Section        6  __rtentry4.o(.ARM.Collect$$rtentry$$00000004)
    .ARM.Collect$$rtentry$$00000009          0x0800014a   Section        0  __rtentry2.o(.ARM.Collect$$rtentry$$00000009)
    .ARM.Collect$$rtentry$$0000000A          0x0800014a   Section        4  __rtentry2.o(.ARM.Collect$$rtentry$$0000000A)
    .ARM.Collect$$rtentry$$0000000C          0x0800014e   Section        0  __rtentry2.o(.ARM.Collect$$rtentry$$0000000C)
    .ARM.Collect$$rtentry$$0000000D          0x0800014e   Section        8  __rtentry2.o(.ARM.Collect$$rtentry$$0000000D)
    .ARM.Collect$$rtexit$$00000000           0x08000156   Section        2  rtexit.o(.ARM.Collect$$rtexit$$00000000)
    .ARM.Collect$$rtexit$$00000002           0x08000158   Section        0  rtexit2.o(.ARM.Collect$$rtexit$$00000002)
    .ARM.Collect$$rtexit$$00000003           0x08000158   Section        4  rtexit2.o(.ARM.Collect$$rtexit$$00000003)
    .ARM.Collect$$rtexit$$00000004           0x0800015c   Section        6  rtexit2.o(.ARM.Collect$$rtexit$$00000004)
    .text                                    0x08000162   Section        0  main.o(.text)
    .text                                    0x0800016c   Section        0  runtime.o(.text)
    .text                                    0x0800018c   Section       56  startup_stm32f0xx.o(.text)
    .text                                    0x080001c4   Section        0  stf030_interrupt.o(.text)
    .text                                    0x08000200   Section        0  stf030_timer.o(.text)
    .text                                    0x08000368   Section        0  stf030_rcc.o(.text)
    .text                                    0x080003f8   Section        0  led.o(.text)
    .text                                    0x08000450   Section        0  stf030_gpio.o(.text)
    .text                                    0x08000454   Section        0  futaba_vfd.o(.text)
    .text                                    0x08000af4   Section        0  system_stm32f0xx.o(.text)
    SetSysClock                              0x08000ba3   Thumb Code   142  system_stm32f0xx.o(.text)
    .text                                    0x08000c4c   Section        0  delay.o(.text)
    .text                                    0x08000cdc   Section        0  stm32f0xx_gpio.o(.text)
    .text                                    0x08000e38   Section        0  stm32f0xx_rcc.o(.text)
    .text                                    0x08001244   Section        0  stm32f0xx_misc.o(.text)
    .text                                    0x080012c0   Section        0  stm32f0xx_tim.o(.text)
    TI2_Config                               0x080018a5   Thumb Code    42  stm32f0xx_tim.o(.text)
    TI1_Config                               0x080018df   Thumb Code    40  stm32f0xx_tim.o(.text)
    .text                                    0x08001bdc   Section      346  aeabi_sdiv.o(.text)
    .text                                    0x08001d36   Section        0  heapauxi.o(.text)
    .text                                    0x08001d3c   Section       62  sys_stackheap_outer.o(.text)
    .text                                    0x08001d7a   Section        0  exit.o(.text)
    .text                                    0x08001d88   Section        8  libspace.o(.text)
    .text                                    0x08001d90   Section        0  sys_exit.o(.text)
    .text                                    0x08001d9c   Section        2  use_no_semi.o(.text)
    .text                                    0x08001d9e   Section        0  indicate_semi.o(.text)
    i.__ARM_common_switch8                   0x08001d9e   Section        0  futaba_vfd.o(i.__ARM_common_switch8)
    .data                                    0x20000000   Section        1  led.o(.data)
    .data                                    0x20000001   Section       34  futaba_vfd.o(.data)
    VSTAB                                    0x2000001e   Data           5  futaba_vfd.o(.data)
    .data                                    0x20000024   Section       20  system_stm32f0xx.o(.data)
    .data                                    0x20000038   Section        4  delay.o(.data)
    fac_us                                   0x20000038   Data           1  delay.o(.data)
    fac_ms                                   0x2000003a   Data           2  delay.o(.data)
    .data                                    0x2000003c   Section       16  stm32f0xx_rcc.o(.data)
    APBAHBPrescTable                         0x2000003c   Data          16  stm32f0xx_rcc.o(.data)
    .bss                                     0x2000004c   Section       96  libspace.o(.bss)
    HEAP                                     0x200000b0   Section      512  startup_stm32f0xx.o(HEAP)
    Heap_Mem                                 0x200000b0   Data         512  startup_stm32f0xx.o(HEAP)
    STACK                                    0x200002b0   Section     1024  startup_stm32f0xx.o(STACK)
    Stack_Mem                                0x200002b0   Data        1024  startup_stm32f0xx.o(STACK)
    __initial_sp                             0x200006b0   Data           0  startup_stm32f0xx.o(STACK)

    Global Symbols

    Symbol Name                              Value     Ov Type        Size  Object(Section)

    BuildAttributes$$THM_ISAv3M$S$PE$A:L22$X:L11$S22$IEEE1$IW$USESV6$~STKCKD$USESV7$~SHL$OSPACE$ROPI$EBA8$UX$STANDARDLIB$REQ8$PRES8$EABIv2 0x00000000   Number         0  anon$$obj.o ABSOLUTE
    __ARM_use_no_argv                        0x00000000   Number         0  main.o ABSOLUTE
    __ARM_exceptions_init                     - Undefined Weak Reference
    __alloca_initialize                       - Undefined Weak Reference
    __arm_preinit_                            - Undefined Weak Reference
    __cpp_initialize__aeabi_                  - Undefined Weak Reference
    __cxa_finalize                            - Undefined Weak Reference
    __rt_locale                               - Undefined Weak Reference
    __sigvec_lookup                           - Undefined Weak Reference
    _atexit_init                              - Undefined Weak Reference
    _call_atexit_fns                          - Undefined Weak Reference
    _clock_init                               - Undefined Weak Reference
    _fp_trap_init                             - Undefined Weak Reference
    _fp_trap_shutdown                         - Undefined Weak Reference
    _get_lc_collate                           - Undefined Weak Reference
    _get_lc_ctype                             - Undefined Weak Reference
    _get_lc_monetary                          - Undefined Weak Reference
    _get_lc_numeric                           - Undefined Weak Reference
    _get_lc_time                              - Undefined Weak Reference
    _getenv_init                              - Undefined Weak Reference
    _handle_redirection                       - Undefined Weak Reference
    _init_alloc                               - Undefined Weak Reference
    _init_user_alloc                          - Undefined Weak Reference
    _initio                                   - Undefined Weak Reference
    _rand_init                                - Undefined Weak Reference
    _signal_finish                            - Undefined Weak Reference
    _signal_init                              - Undefined Weak Reference
    _terminate_alloc                          - Undefined Weak Reference
    _terminate_user_alloc                     - Undefined Weak Reference
    _terminateio                              - Undefined Weak Reference
    __Vectors_Size                           0x000000c0   Number         0  startup_stm32f0xx.o ABSOLUTE
    __Vectors                                0x08000000   Data           4  startup_stm32f0xx.o(RESET)
    __Vectors_End                            0x080000c0   Data           0  startup_stm32f0xx.o(RESET)
    __main                                   0x080000c1   Thumb Code     8  __main.o(!!!main)
    __scatterload                            0x080000c9   Thumb Code     0  __scatter.o(!!!scatter)
    __scatterload_rt2                        0x080000c9   Thumb Code    52  __scatter.o(!!!scatter)
    __scatterload_rt2_thumb_only             0x080000c9   Thumb Code     0  __scatter.o(!!!scatter)
    __scatterload_null                       0x080000d9   Thumb Code     0  __scatter.o(!!!scatter)
    __scatterload_copy                       0x08000105   Thumb Code    26  __scatter_copy.o(!!handler_copy)
    __scatterload_zeroinit                   0x08000121   Thumb Code    28  __scatter_zi.o(!!handler_zi)
    __rt_lib_init                            0x0800013d   Thumb Code     0  libinit.o(.ARM.Collect$$libinit$$00000000)
    __rt_lib_init_alloca_1                   0x0800013f   Thumb Code     0  libinit2.o(.ARM.Collect$$libinit$$0000002E)
    __rt_lib_init_argv_1                     0x0800013f   Thumb Code     0  libinit2.o(.ARM.Collect$$libinit$$0000002C)
    __rt_lib_init_atexit_1                   0x0800013f   Thumb Code     0  libinit2.o(.ARM.Collect$$libinit$$0000001B)
    __rt_lib_init_clock_1                    0x0800013f   Thumb Code     0  libinit2.o(.ARM.Collect$$libinit$$00000021)
    __rt_lib_init_cpp_1                      0x0800013f   Thumb Code     0  libinit2.o(.ARM.Collect$$libinit$$00000032)
    __rt_lib_init_exceptions_1               0x0800013f   Thumb Code     0  libinit2.o(.ARM.Collect$$libinit$$00000030)
    __rt_lib_init_fp_1                       0x0800013f   Thumb Code     0  libinit2.o(.ARM.Collect$$libinit$$00000002)
    __rt_lib_init_fp_trap_1                  0x0800013f   Thumb Code     0  libinit2.o(.ARM.Collect$$libinit$$0000001F)
    __rt_lib_init_getenv_1                   0x0800013f   Thumb Code     0  libinit2.o(.ARM.Collect$$libinit$$00000023)
    __rt_lib_init_heap_1                     0x0800013f   Thumb Code     0  libinit2.o(.ARM.Collect$$libinit$$0000000A)
    __rt_lib_init_lc_collate_1               0x0800013f   Thumb Code     0  libinit2.o(.ARM.Collect$$libinit$$00000011)
    __rt_lib_init_lc_ctype_1                 0x0800013f   Thumb Code     0  libinit2.o(.ARM.Collect$$libinit$$00000013)
    __rt_lib_init_lc_monetary_1              0x0800013f   Thumb Code     0  libinit2.o(.ARM.Collect$$libinit$$00000015)
    __rt_lib_init_lc_numeric_1               0x0800013f   Thumb Code     0  libinit2.o(.ARM.Collect$$libinit$$00000017)
    __rt_lib_init_lc_time_1                  0x0800013f   Thumb Code     0  libinit2.o(.ARM.Collect$$libinit$$00000019)
    __rt_lib_init_preinit_1                  0x0800013f   Thumb Code     0  libinit2.o(.ARM.Collect$$libinit$$00000004)
    __rt_lib_init_rand_1                     0x0800013f   Thumb Code     0  libinit2.o(.ARM.Collect$$libinit$$0000000E)
    __rt_lib_init_return                     0x0800013f   Thumb Code     0  libinit2.o(.ARM.Collect$$libinit$$00000033)
    __rt_lib_init_signal_1                   0x0800013f   Thumb Code     0  libinit2.o(.ARM.Collect$$libinit$$0000001D)
    __rt_lib_init_stdio_1                    0x0800013f   Thumb Code     0  libinit2.o(.ARM.Collect$$libinit$$00000025)
    __rt_lib_init_user_alloc_1               0x0800013f   Thumb Code     0  libinit2.o(.ARM.Collect$$libinit$$0000000C)
    __rt_lib_shutdown                        0x08000141   Thumb Code     0  libshutdown.o(.ARM.Collect$$libshutdown$$00000000)
    __rt_lib_shutdown_fp_trap_1              0x08000143   Thumb Code     0  libshutdown2.o(.ARM.Collect$$libshutdown$$00000006)
    __rt_lib_shutdown_heap_1                 0x08000143   Thumb Code     0  libshutdown2.o(.ARM.Collect$$libshutdown$$0000000E)
    __rt_lib_shutdown_return                 0x08000143   Thumb Code     0  libshutdown2.o(.ARM.Collect$$libshutdown$$0000000F)
    __rt_lib_shutdown_signal_1               0x08000143   Thumb Code     0  libshutdown2.o(.ARM.Collect$$libshutdown$$00000009)
    __rt_lib_shutdown_stdio_1                0x08000143   Thumb Code     0  libshutdown2.o(.ARM.Collect$$libshutdown$$00000003)
    __rt_lib_shutdown_user_alloc_1           0x08000143   Thumb Code     0  libshutdown2.o(.ARM.Collect$$libshutdown$$0000000B)
    __rt_entry                               0x08000145   Thumb Code     0  __rtentry.o(.ARM.Collect$$rtentry$$00000000)
    __rt_entry_presh_1                       0x08000145   Thumb Code     0  __rtentry2.o(.ARM.Collect$$rtentry$$00000002)
    __rt_entry_sh                            0x08000145   Thumb Code     0  __rtentry4.o(.ARM.Collect$$rtentry$$00000004)
    __rt_entry_li                            0x0800014b   Thumb Code     0  __rtentry2.o(.ARM.Collect$$rtentry$$0000000A)
    __rt_entry_postsh_1                      0x0800014b   Thumb Code     0  __rtentry2.o(.ARM.Collect$$rtentry$$00000009)
    __rt_entry_main                          0x0800014f   Thumb Code     0  __rtentry2.o(.ARM.Collect$$rtentry$$0000000D)
    __rt_entry_postli_1                      0x0800014f   Thumb Code     0  __rtentry2.o(.ARM.Collect$$rtentry$$0000000C)
    __rt_exit                                0x08000157   Thumb Code     0  rtexit.o(.ARM.Collect$$rtexit$$00000000)
    __rt_exit_ls                             0x08000159   Thumb Code     0  rtexit2.o(.ARM.Collect$$rtexit$$00000003)
    __rt_exit_prels_1                        0x08000159   Thumb Code     0  rtexit2.o(.ARM.Collect$$rtexit$$00000002)
    __rt_exit_exit                           0x0800015d   Thumb Code     0  rtexit2.o(.ARM.Collect$$rtexit$$00000004)
    main                                     0x08000163   Thumb Code    10  main.o(.text)
    Runtime_Init                             0x0800016d   Thumb Code    28  runtime.o(.text)
    Runtime_Running                          0x08000189   Thumb Code     2  runtime.o(.text)
    Reset_Handler                            0x0800018d   Thumb Code     8  startup_stm32f0xx.o(.text)
    NMI_Handler                              0x08000195   Thumb Code     2  startup_stm32f0xx.o(.text)
    HardFault_Handler                        0x08000197   Thumb Code     2  startup_stm32f0xx.o(.text)
    SVC_Handler                              0x08000199   Thumb Code     2  startup_stm32f0xx.o(.text)
    PendSV_Handler                           0x0800019b   Thumb Code     2  startup_stm32f0xx.o(.text)
    SysTick_Handler                          0x0800019d   Thumb Code     2  startup_stm32f0xx.o(.text)
    ADC1_COMP_IRQHandler                     0x0800019f   Thumb Code     0  startup_stm32f0xx.o(.text)
    CEC_IRQHandler                           0x0800019f   Thumb Code     0  startup_stm32f0xx.o(.text)
    DMA1_Channel1_IRQHandler                 0x0800019f   Thumb Code     0  startup_stm32f0xx.o(.text)
    DMA1_Channel2_3_IRQHandler               0x0800019f   Thumb Code     0  startup_stm32f0xx.o(.text)
    DMA1_Channel4_5_IRQHandler               0x0800019f   Thumb Code     0  startup_stm32f0xx.o(.text)
    EXTI0_1_IRQHandler                       0x0800019f   Thumb Code     0  startup_stm32f0xx.o(.text)
    EXTI2_3_IRQHandler                       0x0800019f   Thumb Code     0  startup_stm32f0xx.o(.text)
    EXTI4_15_IRQHandler                      0x0800019f   Thumb Code     0  startup_stm32f0xx.o(.text)
    FLASH_IRQHandler                         0x0800019f   Thumb Code     0  startup_stm32f0xx.o(.text)
    I2C1_IRQHandler                          0x0800019f   Thumb Code     0  startup_stm32f0xx.o(.text)
    I2C2_IRQHandler                          0x0800019f   Thumb Code     0  startup_stm32f0xx.o(.text)
    PVD_IRQHandler                           0x0800019f   Thumb Code     0  startup_stm32f0xx.o(.text)
    RCC_IRQHandler                           0x0800019f   Thumb Code     0  startup_stm32f0xx.o(.text)
    RTC_IRQHandler                           0x0800019f   Thumb Code     0  startup_stm32f0xx.o(.text)
    SPI1_IRQHandler                          0x0800019f   Thumb Code     0  startup_stm32f0xx.o(.text)
    SPI2_IRQHandler                          0x0800019f   Thumb Code     0  startup_stm32f0xx.o(.text)
    TIM15_IRQHandler                         0x0800019f   Thumb Code     0  startup_stm32f0xx.o(.text)
    TIM16_IRQHandler                         0x0800019f   Thumb Code     0  startup_stm32f0xx.o(.text)
    TIM17_IRQHandler                         0x0800019f   Thumb Code     0  startup_stm32f0xx.o(.text)
    TIM1_BRK_UP_TRG_COM_IRQHandler           0x0800019f   Thumb Code     0  startup_stm32f0xx.o(.text)
    TIM1_CC_IRQHandler                       0x0800019f   Thumb Code     0  startup_stm32f0xx.o(.text)
    TIM2_IRQHandler                          0x0800019f   Thumb Code     0  startup_stm32f0xx.o(.text)
    TIM6_DAC_IRQHandler                      0x0800019f   Thumb Code     0  startup_stm32f0xx.o(.text)
    TS_IRQHandler                            0x0800019f   Thumb Code     0  startup_stm32f0xx.o(.text)
    USART1_IRQHandler                        0x0800019f   Thumb Code     0  startup_stm32f0xx.o(.text)
    USART2_IRQHandler                        0x0800019f   Thumb Code     0  startup_stm32f0xx.o(.text)
    WWDG_IRQHandler                          0x0800019f   Thumb Code     0  startup_stm32f0xx.o(.text)
    __user_initial_stackheap                 0x080001a1   Thumb Code     0  startup_stm32f0xx.o(.text)
    TIM3_IRQHandler                          0x080001c5   Thumb Code    22  stf030_interrupt.o(.text)
    TIM14_IRQHandler                         0x080001db   Thumb Code    30  stf030_interrupt.o(.text)
    Tim3_Init                                0x08000201   Thumb Code    88  stf030_timer.o(.text)
    Tim14_Init                               0x08000259   Thumb Code    86  stf030_timer.o(.text)
    Tim1_Init                                0x080002af   Thumb Code   170  stf030_timer.o(.text)
    Rcc_Init_Hsi                             0x08000369   Thumb Code   136  stf030_rcc.o(.text)
    LED_Init                                 0x080003f9   Thumb Code    52  led.o(.text)
    LED_Set                                  0x0800042d   Thumb Code    26  led.o(.text)
    Gpio_Init                                0x08000451   Thumb Code     2  stf030_gpio.o(.text)
    VSy_Calc                                 0x08000455   Thumb Code   298  futaba_vfd.o(.text)
    VFD_GPIO_init                            0x0800057f   Thumb Code   156  futaba_vfd.o(.text)
    vfd_reset                                0x0800061b   Thumb Code    48  futaba_vfd.o(.text)
    vfd_start                                0x0800064b   Thumb Code    20  futaba_vfd.o(.text)
    vfd_stop                                 0x0800065f   Thumb Code    26  futaba_vfd.o(.text)
    vfd_send_data                            0x08000679   Thumb Code    96  futaba_vfd.o(.text)
    vfd_send_cmd1                            0x080006d9   Thumb Code    20  futaba_vfd.o(.text)
    vfd_send_cmd2                            0x080006ed   Thumb Code    28  futaba_vfd.o(.text)
    vfd_send_cmd3                            0x08000709   Thumb Code    36  futaba_vfd.o(.text)
    vfd_send8b                               0x0800072d   Thumb Code    20  futaba_vfd.o(.text)
    Futaba_VFD_TICK                          0x08000741   Thumb Code   118  futaba_vfd.o(.text)
    Futaba_VFD_Init                          0x080007b7   Thumb Code   696  futaba_vfd.o(.text)
    vfd_tst                                  0x08000a6f   Thumb Code   132  futaba_vfd.o(.text)
    SystemInit                               0x08000af5   Thumb Code    84  system_stm32f0xx.o(.text)
    SystemCoreClockUpdate                    0x08000b49   Thumb Code    90  system_stm32f0xx.o(.text)
    delay_init                               0x08000c4d   Thumb Code    36  delay.o(.text)
    delay_us                                 0x08000c71   Thumb Code    46  delay.o(.text)
    delay_ms                                 0x08000c9f   Thumb Code    46  delay.o(.text)
    GPIO_DeInit                              0x08000cdd   Thumb Code    78  stm32f0xx_gpio.o(.text)
    GPIO_Init                                0x08000d2b   Thumb Code   112  stm32f0xx_gpio.o(.text)
    GPIO_StructInit                          0x08000d9b   Thumb Code    18  stm32f0xx_gpio.o(.text)
    GPIO_PinLockConfig                       0x08000dad   Thumb Code    26  stm32f0xx_gpio.o(.text)
    GPIO_ReadInputDataBit                    0x08000dc7   Thumb Code    14  stm32f0xx_gpio.o(.text)
    GPIO_ReadInputData                       0x08000dd5   Thumb Code     4  stm32f0xx_gpio.o(.text)
    GPIO_ReadOutputDataBit                   0x08000dd9   Thumb Code    14  stm32f0xx_gpio.o(.text)
    GPIO_ReadOutputData                      0x08000de7   Thumb Code     4  stm32f0xx_gpio.o(.text)
    GPIO_SetBits                             0x08000deb   Thumb Code     4  stm32f0xx_gpio.o(.text)
    GPIO_ResetBits                           0x08000def   Thumb Code     4  stm32f0xx_gpio.o(.text)
    GPIO_WriteBit                            0x08000df3   Thumb Code    12  stm32f0xx_gpio.o(.text)
    GPIO_Write                               0x08000dff   Thumb Code     4  stm32f0xx_gpio.o(.text)
    GPIO_PinAFConfig                         0x08000e03   Thumb Code    32  stm32f0xx_gpio.o(.text)
    RCC_DeInit                               0x08000e39   Thumb Code    78  stm32f0xx_rcc.o(.text)
    RCC_HSEConfig                            0x08000e87   Thumb Code    10  stm32f0xx_rcc.o(.text)
    RCC_GetFlagStatus                        0x08000e91   Thumb Code    48  stm32f0xx_rcc.o(.text)
    RCC_WaitForHSEStartUp                    0x08000ec1   Thumb Code    44  stm32f0xx_rcc.o(.text)
    RCC_AdjustHSICalibrationValue            0x08000eed   Thumb Code    16  stm32f0xx_rcc.o(.text)
    RCC_HSICmd                               0x08000efd   Thumb Code    22  stm32f0xx_rcc.o(.text)
    RCC_AdjustHSI14CalibrationValue          0x08000f13   Thumb Code    16  stm32f0xx_rcc.o(.text)
    RCC_HSI14Cmd                             0x08000f23   Thumb Code    22  stm32f0xx_rcc.o(.text)
    RCC_HSI14ADCRequestCmd                   0x08000f39   Thumb Code    20  stm32f0xx_rcc.o(.text)
    RCC_LSEConfig                            0x08000f4d   Thumb Code    26  stm32f0xx_rcc.o(.text)
    RCC_LSEDriveConfig                       0x08000f67   Thumb Code    18  stm32f0xx_rcc.o(.text)
    RCC_LSICmd                               0x08000f79   Thumb Code    22  stm32f0xx_rcc.o(.text)
    RCC_PLLConfig                            0x08000f8f   Thumb Code    24  stm32f0xx_rcc.o(.text)
    RCC_PLLCmd                               0x08000fa7   Thumb Code    22  stm32f0xx_rcc.o(.text)
    RCC_PREDIV1Config                        0x08000fbd   Thumb Code    14  stm32f0xx_rcc.o(.text)
    RCC_ClockSecuritySystemCmd               0x08000fcb   Thumb Code    22  stm32f0xx_rcc.o(.text)
    RCC_MCOConfig                            0x08000fe1   Thumb Code     6  stm32f0xx_rcc.o(.text)
    RCC_SYSCLKConfig                         0x08000fe7   Thumb Code    14  stm32f0xx_rcc.o(.text)
    RCC_GetSYSCLKSource                      0x08000ff5   Thumb Code    10  stm32f0xx_rcc.o(.text)
    RCC_HCLKConfig                           0x08000fff   Thumb Code    14  stm32f0xx_rcc.o(.text)
    RCC_PCLKConfig                           0x0800100d   Thumb Code    16  stm32f0xx_rcc.o(.text)
    RCC_ADCCLKConfig                         0x0800101d   Thumb Code    38  stm32f0xx_rcc.o(.text)
    RCC_CECCLKConfig                         0x08001043   Thumb Code    18  stm32f0xx_rcc.o(.text)
    RCC_I2CCLKConfig                         0x08001055   Thumb Code    18  stm32f0xx_rcc.o(.text)
    RCC_USARTCLKConfig                       0x08001067   Thumb Code    18  stm32f0xx_rcc.o(.text)
    RCC_GetClocksFreq                        0x08001079   Thumb Code   208  stm32f0xx_rcc.o(.text)
    RCC_RTCCLKConfig                         0x08001149   Thumb Code    10  stm32f0xx_rcc.o(.text)
    RCC_RTCCLKCmd                            0x08001153   Thumb Code    20  stm32f0xx_rcc.o(.text)
    RCC_BackupResetCmd                       0x08001167   Thumb Code    22  stm32f0xx_rcc.o(.text)
    RCC_AHBPeriphClockCmd                    0x0800117d   Thumb Code    18  stm32f0xx_rcc.o(.text)
    RCC_APB2PeriphClockCmd                   0x0800118f   Thumb Code    18  stm32f0xx_rcc.o(.text)
    RCC_APB1PeriphClockCmd                   0x080011a1   Thumb Code    18  stm32f0xx_rcc.o(.text)
    RCC_AHBPeriphResetCmd                    0x080011b3   Thumb Code    18  stm32f0xx_rcc.o(.text)
    RCC_APB2PeriphResetCmd                   0x080011c5   Thumb Code    18  stm32f0xx_rcc.o(.text)
    RCC_APB1PeriphResetCmd                   0x080011d7   Thumb Code    18  stm32f0xx_rcc.o(.text)
    RCC_ITConfig                             0x080011e9   Thumb Code    18  stm32f0xx_rcc.o(.text)
    RCC_ClearFlag                            0x080011fb   Thumb Code    14  stm32f0xx_rcc.o(.text)
    RCC_GetITStatus                          0x08001209   Thumb Code    48  stm32f0xx_rcc.o(.text)
    RCC_ClearITPendingBit                    0x08001239   Thumb Code     6  stm32f0xx_rcc.o(.text)
    NVIC_Init                                0x08001245   Thumb Code    70  stm32f0xx_misc.o(.text)
    NVIC_SystemLPConfig                      0x0800128b   Thumb Code    18  stm32f0xx_misc.o(.text)
    SysTick_CLKSourceConfig                  0x0800129d   Thumb Code    20  stm32f0xx_misc.o(.text)
    TIM_DeInit                               0x080012c1   Thumb Code   152  stm32f0xx_tim.o(.text)
    TIM_TimeBaseInit                         0x08001359   Thumb Code    88  stm32f0xx_tim.o(.text)
    TIM_TimeBaseStructInit                   0x080013b1   Thumb Code    18  stm32f0xx_tim.o(.text)
    TIM_PrescalerConfig                      0x080013c3   Thumb Code     6  stm32f0xx_tim.o(.text)
    TIM_CounterModeConfig                    0x080013c9   Thumb Code    12  stm32f0xx_tim.o(.text)
    TIM_SetCounter                           0x080013d5   Thumb Code     4  stm32f0xx_tim.o(.text)
    TIM_SetAutoreload                        0x080013d9   Thumb Code     4  stm32f0xx_tim.o(.text)
    TIM_GetCounter                           0x080013dd   Thumb Code     4  stm32f0xx_tim.o(.text)
    TIM_GetPrescaler                         0x080013e1   Thumb Code     4  stm32f0xx_tim.o(.text)
    TIM_UpdateDisableConfig                  0x080013e5   Thumb Code    18  stm32f0xx_tim.o(.text)
    TIM_UpdateRequestConfig                  0x080013f7   Thumb Code    18  stm32f0xx_tim.o(.text)
    TIM_ARRPreloadConfig                     0x08001409   Thumb Code    18  stm32f0xx_tim.o(.text)
    TIM_SelectOnePulseMode                   0x0800141b   Thumb Code    16  stm32f0xx_tim.o(.text)
    TIM_SetClockDivision                     0x0800142b   Thumb Code    16  stm32f0xx_tim.o(.text)
    TIM_Cmd                                  0x0800143b   Thumb Code    20  stm32f0xx_tim.o(.text)
    TIM_BDTRConfig                           0x0800144f   Thumb Code    34  stm32f0xx_tim.o(.text)
    TIM_BDTRStructInit                       0x08001471   Thumb Code    18  stm32f0xx_tim.o(.text)
    TIM_CtrlPWMOutputs                       0x08001483   Thumb Code    24  stm32f0xx_tim.o(.text)
    TIM_OC1Init                              0x0800149b   Thumb Code   104  stm32f0xx_tim.o(.text)
    TIM_OC2Init                              0x08001503   Thumb Code   110  stm32f0xx_tim.o(.text)
    TIM_OC3Init                              0x08001571   Thumb Code   110  stm32f0xx_tim.o(.text)
    TIM_OC4Init                              0x080015df   Thumb Code    78  stm32f0xx_tim.o(.text)
    TIM_OCStructInit                         0x0800162d   Thumb Code    20  stm32f0xx_tim.o(.text)
    TIM_SelectOCxM                           0x08001641   Thumb Code    70  stm32f0xx_tim.o(.text)
    TIM_SetCompare1                          0x08001687   Thumb Code     4  stm32f0xx_tim.o(.text)
    TIM_SetCompare2                          0x0800168b   Thumb Code     4  stm32f0xx_tim.o(.text)
    TIM_SetCompare3                          0x0800168f   Thumb Code     4  stm32f0xx_tim.o(.text)
    TIM_SetCompare4                          0x08001693   Thumb Code     4  stm32f0xx_tim.o(.text)
    TIM_ForcedOC1Config                      0x08001697   Thumb Code    86  stm32f0xx_tim.o(.text)
    TIM_ForcedOC2Config                      0x080016ed   Thumb Code    14  stm32f0xx_tim.o(.text)
    TIM_ForcedOC3Config                      0x080016fb   Thumb Code    12  stm32f0xx_tim.o(.text)
    TIM_ForcedOC4Config                      0x08001707   Thumb Code    14  stm32f0xx_tim.o(.text)
    TIM_CCPreloadControl                     0x08001715   Thumb Code    20  stm32f0xx_tim.o(.text)
    TIM_OC1PreloadConfig                     0x08001729   Thumb Code    12  stm32f0xx_tim.o(.text)
    TIM_OC2PreloadConfig                     0x08001735   Thumb Code    14  stm32f0xx_tim.o(.text)
    TIM_OC3PreloadConfig                     0x08001743   Thumb Code    12  stm32f0xx_tim.o(.text)
    TIM_OC4PreloadConfig                     0x0800174f   Thumb Code    14  stm32f0xx_tim.o(.text)
    TIM_OC1FastConfig                        0x0800175d   Thumb Code    12  stm32f0xx_tim.o(.text)
    TIM_OC2FastConfig                        0x08001769   Thumb Code    14  stm32f0xx_tim.o(.text)
    TIM_OC3FastConfig                        0x08001777   Thumb Code    12  stm32f0xx_tim.o(.text)
    TIM_OC4FastConfig                        0x08001783   Thumb Code    14  stm32f0xx_tim.o(.text)
    TIM_ClearOC1Ref                          0x08001791   Thumb Code    12  stm32f0xx_tim.o(.text)
    TIM_ClearOC2Ref                          0x0800179d   Thumb Code    14  stm32f0xx_tim.o(.text)
    TIM_ClearOC3Ref                          0x080017ab   Thumb Code    12  stm32f0xx_tim.o(.text)
    TIM_ClearOC4Ref                          0x080017b7   Thumb Code    14  stm32f0xx_tim.o(.text)
    TIM_OC1PolarityConfig                    0x080017c5   Thumb Code    12  stm32f0xx_tim.o(.text)
    TIM_OC1NPolarityConfig                   0x080017d1   Thumb Code    12  stm32f0xx_tim.o(.text)
    TIM_OC2PolarityConfig                    0x080017dd   Thumb Code    14  stm32f0xx_tim.o(.text)
    TIM_OC2NPolarityConfig                   0x080017eb   Thumb Code    14  stm32f0xx_tim.o(.text)
    TIM_OC3PolarityConfig                    0x080017f9   Thumb Code    14  stm32f0xx_tim.o(.text)
    TIM_OC3NPolarityConfig                   0x08001807   Thumb Code    14  stm32f0xx_tim.o(.text)
    TIM_OC4PolarityConfig                    0x08001815   Thumb Code    14  stm32f0xx_tim.o(.text)
    TIM_SelectOCREFClear                     0x08001823   Thumb Code    16  stm32f0xx_tim.o(.text)
    TIM_CCxCmd                               0x08001833   Thumb Code    22  stm32f0xx_tim.o(.text)
    TIM_CCxNCmd                              0x08001849   Thumb Code    22  stm32f0xx_tim.o(.text)
    TIM_SelectCOM                            0x0800185f   Thumb Code    18  stm32f0xx_tim.o(.text)
    TIM_SetIC4Prescaler                      0x08001871   Thumb Code    18  stm32f0xx_tim.o(.text)
    TIM_SetIC3Prescaler                      0x08001883   Thumb Code    16  stm32f0xx_tim.o(.text)
    TIM_SetIC2Prescaler                      0x08001893   Thumb Code    18  stm32f0xx_tim.o(.text)
    TIM_SetIC1Prescaler                      0x080018cf   Thumb Code    16  stm32f0xx_tim.o(.text)
    TIM_ICInit                               0x08001907   Thumb Code   162  stm32f0xx_tim.o(.text)
    TIM_ICStructInit                         0x080019a9   Thumb Code    16  stm32f0xx_tim.o(.text)
    TIM_PWMIConfig                           0x080019b9   Thumb Code   104  stm32f0xx_tim.o(.text)
    TIM_GetCapture1                          0x08001a21   Thumb Code     4  stm32f0xx_tim.o(.text)
    TIM_GetCapture2                          0x08001a25   Thumb Code     4  stm32f0xx_tim.o(.text)
    TIM_GetCapture3                          0x08001a29   Thumb Code     4  stm32f0xx_tim.o(.text)
    TIM_GetCapture4                          0x08001a2d   Thumb Code     4  stm32f0xx_tim.o(.text)
    TIM_ITConfig                             0x08001a31   Thumb Code    16  stm32f0xx_tim.o(.text)
    TIM_GenerateEvent                        0x08001a41   Thumb Code     4  stm32f0xx_tim.o(.text)
    TIM_GetFlagStatus                        0x08001a45   Thumb Code    14  stm32f0xx_tim.o(.text)
    TIM_ClearFlag                            0x08001a53   Thumb Code     6  stm32f0xx_tim.o(.text)
    TIM_GetITStatus                          0x08001a59   Thumb Code    24  stm32f0xx_tim.o(.text)
    TIM_ClearITPendingBit                    0x08001a71   Thumb Code     6  stm32f0xx_tim.o(.text)
    TIM_DMAConfig                            0x08001a77   Thumb Code     8  stm32f0xx_tim.o(.text)
    TIM_DMACmd                               0x08001a7f   Thumb Code    16  stm32f0xx_tim.o(.text)
    TIM_SelectCCDMA                          0x08001a8f   Thumb Code    18  stm32f0xx_tim.o(.text)
    TIM_InternalClockConfig                  0x08001aa1   Thumb Code    10  stm32f0xx_tim.o(.text)
    TIM_SelectInputTrigger                   0x08001aab   Thumb Code    12  stm32f0xx_tim.o(.text)
    TIM_ITRxExternalClockConfig              0x08001ab7   Thumb Code    62  stm32f0xx_tim.o(.text)
    TIM_TIxExternalClockConfig               0x08001af5   Thumb Code    48  stm32f0xx_tim.o(.text)
    TIM_ETRConfig                            0x08001b25   Thumb Code    18  stm32f0xx_tim.o(.text)
    TIM_ETRClockMode1Config                  0x08001b37   Thumb Code    28  stm32f0xx_tim.o(.text)
    TIM_ETRClockMode2Config                  0x08001b53   Thumb Code    20  stm32f0xx_tim.o(.text)
    TIM_SelectOutputTrigger                  0x08001b67   Thumb Code    16  stm32f0xx_tim.o(.text)
    TIM_SelectSlaveMode                      0x08001b77   Thumb Code    16  stm32f0xx_tim.o(.text)
    TIM_SelectMasterSlaveMode                0x08001b87   Thumb Code    16  stm32f0xx_tim.o(.text)
    TIM_EncoderInterfaceConfig               0x08001b97   Thumb Code    42  stm32f0xx_tim.o(.text)
    TIM_SelectHallSensor                     0x08001bc1   Thumb Code    18  stm32f0xx_tim.o(.text)
    TIM_RemapConfig                          0x08001bd3   Thumb Code     6  stm32f0xx_tim.o(.text)
    __aeabi_uidiv                            0x08001bdd   Thumb Code     0  aeabi_sdiv.o(.text)
    __aeabi_uidivmod                         0x08001bdd   Thumb Code    20  aeabi_sdiv.o(.text)
    __aeabi_idiv                             0x08001bf1   Thumb Code     0  aeabi_sdiv.o(.text)
    __aeabi_idivmod                          0x08001bf1   Thumb Code   326  aeabi_sdiv.o(.text)
    __use_two_region_memory                  0x08001d37   Thumb Code     2  heapauxi.o(.text)
    __rt_heap_escrow$2region                 0x08001d39   Thumb Code     2  heapauxi.o(.text)
    __rt_heap_expand$2region                 0x08001d3b   Thumb Code     2  heapauxi.o(.text)
    __user_setup_stackheap                   0x08001d3d   Thumb Code    62  sys_stackheap_outer.o(.text)
    exit                                     0x08001d7b   Thumb Code    12  exit.o(.text)
    __user_libspace                          0x08001d89   Thumb Code     8  libspace.o(.text)
    __user_perproc_libspace                  0x08001d89   Thumb Code     0  libspace.o(.text)
    __user_perthread_libspace                0x08001d89   Thumb Code     0  libspace.o(.text)
    _sys_exit                                0x08001d91   Thumb Code     8  sys_exit.o(.text)
    __I$use$semihosting                      0x08001d9d   Thumb Code     0  use_no_semi.o(.text)
    __use_no_semihosting_swi                 0x08001d9d   Thumb Code     2  use_no_semi.o(.text)
    __ARM_common_switch8                     0x08001d9f   Thumb Code    26  futaba_vfd.o(i.__ARM_common_switch8)
    __semihosting_library_function           0x08001d9f   Thumb Code     0  indicate_semi.o(.text)
    Region$$Table$$Base                      0x08001db8   Number         0  anon$$obj.o(Region$$Table)
    Region$$Table$$Limit                     0x08001dd8   Number         0  anon$$obj.o(Region$$Table)
    Led_Mode                                 0x20000000   Data           1  led.o(.data)
    Vs_power                                 0x20000001   Data           1  futaba_vfd.o(.data)
    Vs_S1                                    0x20000002   Data           1  futaba_vfd.o(.data)
    Vs_S2                                    0x20000003   Data           1  futaba_vfd.o(.data)
    Vs_1080p                                 0x20000004   Data           1  futaba_vfd.o(.data)
    VAnim_En                                 0x20000005   Data           1  futaba_vfd.o(.data)
    Vs_sat                                   0x20000006   Data           1  futaba_vfd.o(.data)
    Vs_rec                                   0x20000007   Data           1  futaba_vfd.o(.data)
    Vs_tea                                   0x20000008   Data           1  futaba_vfd.o(.data)
    Vs_tv                                    0x20000009   Data           1  futaba_vfd.o(.data)
    Vs_file                                  0x2000000a   Data           1  futaba_vfd.o(.data)
    Vs_S3                                    0x2000000b   Data           1  futaba_vfd.o(.data)
    Vs_S4                                    0x2000000c   Data           1  futaba_vfd.o(.data)
    Vs_S5                                    0x2000000d   Data           1  futaba_vfd.o(.data)
    Vs_S6                                    0x2000000e   Data           1  futaba_vfd.o(.data)
    Vs_S7                                    0x2000000f   Data           1  futaba_vfd.o(.data)
    Vs_S8                                    0x20000010   Data           1  futaba_vfd.o(.data)
    Vs_S9                                    0x20000011   Data           1  futaba_vfd.o(.data)
    Vs_S10                                   0x20000012   Data           1  futaba_vfd.o(.data)
    Vs_1080i                                 0x20000013   Data           1  futaba_vfd.o(.data)
    Vs_720p                                  0x20000014   Data           1  futaba_vfd.o(.data)
    Vs_576                                   0x20000015   Data           1  futaba_vfd.o(.data)
    Vs_i576                                  0x20000016   Data           1  futaba_vfd.o(.data)
    Vs_p576                                  0x20000017   Data           1  futaba_vfd.o(.data)
    Vs_480                                   0x20000018   Data           1  futaba_vfd.o(.data)
    Vs_i480                                  0x20000019   Data           1  futaba_vfd.o(.data)
    Vs_p480                                  0x2000001a   Data           1  futaba_vfd.o(.data)
    Vfd_Timer_Tick                           0x2000001b   Data           1  futaba_vfd.o(.data)
    Vfd_Anim_Tick                            0x2000001c   Data           1  futaba_vfd.o(.data)
    Vfd_Anim_Count                           0x2000001d   Data           1  futaba_vfd.o(.data)
    SystemCoreClock                          0x20000024   Data           4  system_stm32f0xx.o(.data)
    AHBPrescTable                            0x20000028   Data          16  system_stm32f0xx.o(.data)
    __libspace_start                         0x2000004c   Data          96  libspace.o(.bss)
    __temporary_stack_top$libspace           0x200000ac   Data           0  libspace.o(.bss)



==============================================================================

Memory Map of the image

  Image Entry point : 0x0800018d

  Load Region LR_1 (Base: 0x08000000, Size: 0x00001e24, Max: 0xffffffff, ABSOLUTE)

    Execution Region ER_RO (Base: 0x08000000, Size: 0x00001dd8, Max: 0xffffffff, ABSOLUTE)

    Base Addr    Size         Type   Attr      Idx    E Section Name        Object

    0x08000000   0x000000c0   Data   RO           93    RESET               startup_stm32f0xx.o
    0x080000c0   0x00000008   Code   RO          385  * !!!main             c_p.l(__main.o)
    0x080000c8   0x0000003c   Code   RO          553    !!!scatter          c_p.l(__scatter.o)
    0x08000104   0x0000001a   Code   RO          555    !!handler_copy      c_p.l(__scatter_copy.o)
    0x0800011e   0x00000002   PAD
    0x08000120   0x0000001c   Code   RO          557    !!handler_zi        c_p.l(__scatter_zi.o)
    0x0800013c   0x00000002   Code   RO          423    .ARM.Collect$$libinit$$00000000  c_p.l(libinit.o)
    0x0800013e   0x00000000   Code   RO          437    .ARM.Collect$$libinit$$00000002  c_p.l(libinit2.o)
    0x0800013e   0x00000000   Code   RO          439    .ARM.Collect$$libinit$$00000004  c_p.l(libinit2.o)
    0x0800013e   0x00000000   Code   RO          442    .ARM.Collect$$libinit$$0000000A  c_p.l(libinit2.o)
    0x0800013e   0x00000000   Code   RO          444    .ARM.Collect$$libinit$$0000000C  c_p.l(libinit2.o)
    0x0800013e   0x00000000   Code   RO          446    .ARM.Collect$$libinit$$0000000E  c_p.l(libinit2.o)
    0x0800013e   0x00000000   Code   RO          449    .ARM.Collect$$libinit$$00000011  c_p.l(libinit2.o)
    0x0800013e   0x00000000   Code   RO          451    .ARM.Collect$$libinit$$00000013  c_p.l(libinit2.o)
    0x0800013e   0x00000000   Code   RO          453    .ARM.Collect$$libinit$$00000015  c_p.l(libinit2.o)
    0x0800013e   0x00000000   Code   RO          455    .ARM.Collect$$libinit$$00000017  c_p.l(libinit2.o)
    0x0800013e   0x00000000   Code   RO          457    .ARM.Collect$$libinit$$00000019  c_p.l(libinit2.o)
    0x0800013e   0x00000000   Code   RO          459    .ARM.Collect$$libinit$$0000001B  c_p.l(libinit2.o)
    0x0800013e   0x00000000   Code   RO          461    .ARM.Collect$$libinit$$0000001D  c_p.l(libinit2.o)
    0x0800013e   0x00000000   Code   RO          463    .ARM.Collect$$libinit$$0000001F  c_p.l(libinit2.o)
    0x0800013e   0x00000000   Code   RO          465    .ARM.Collect$$libinit$$00000021  c_p.l(libinit2.o)
    0x0800013e   0x00000000   Code   RO          467    .ARM.Collect$$libinit$$00000023  c_p.l(libinit2.o)
    0x0800013e   0x00000000   Code   RO          469    .ARM.Collect$$libinit$$00000025  c_p.l(libinit2.o)
    0x0800013e   0x00000000   Code   RO          473    .ARM.Collect$$libinit$$0000002C  c_p.l(libinit2.o)
    0x0800013e   0x00000000   Code   RO          475    .ARM.Collect$$libinit$$0000002E  c_p.l(libinit2.o)
    0x0800013e   0x00000000   Code   RO          477    .ARM.Collect$$libinit$$00000030  c_p.l(libinit2.o)
    0x0800013e   0x00000000   Code   RO          479    .ARM.Collect$$libinit$$00000032  c_p.l(libinit2.o)
    0x0800013e   0x00000002   Code   RO          480    .ARM.Collect$$libinit$$00000033  c_p.l(libinit2.o)
    0x08000140   0x00000002   Code   RO          511    .ARM.Collect$$libshutdown$$00000000  c_p.l(libshutdown.o)
    0x08000142   0x00000000   Code   RO          538    .ARM.Collect$$libshutdown$$00000003  c_p.l(libshutdown2.o)
    0x08000142   0x00000000   Code   RO          541    .ARM.Collect$$libshutdown$$00000006  c_p.l(libshutdown2.o)
    0x08000142   0x00000000   Code   RO          544    .ARM.Collect$$libshutdown$$00000009  c_p.l(libshutdown2.o)
    0x08000142   0x00000000   Code   RO          546    .ARM.Collect$$libshutdown$$0000000B  c_p.l(libshutdown2.o)
    0x08000142   0x00000000   Code   RO          549    .ARM.Collect$$libshutdown$$0000000E  c_p.l(libshutdown2.o)
    0x08000142   0x00000002   Code   RO          550    .ARM.Collect$$libshutdown$$0000000F  c_p.l(libshutdown2.o)
    0x08000144   0x00000000   Code   RO          387    .ARM.Collect$$rtentry$$00000000  c_p.l(__rtentry.o)
    0x08000144   0x00000000   Code   RO          393    .ARM.Collect$$rtentry$$00000002  c_p.l(__rtentry2.o)
    0x08000144   0x00000006   Code   RO          405    .ARM.Collect$$rtentry$$00000004  c_p.l(__rtentry4.o)
    0x0800014a   0x00000000   Code   RO          395    .ARM.Collect$$rtentry$$00000009  c_p.l(__rtentry2.o)
    0x0800014a   0x00000004   Code   RO          396    .ARM.Collect$$rtentry$$0000000A  c_p.l(__rtentry2.o)
    0x0800014e   0x00000000   Code   RO          398    .ARM.Collect$$rtentry$$0000000C  c_p.l(__rtentry2.o)
    0x0800014e   0x00000008   Code   RO          399    .ARM.Collect$$rtentry$$0000000D  c_p.l(__rtentry2.o)
    0x08000156   0x00000002   Code   RO          428    .ARM.Collect$$rtexit$$00000000  c_p.l(rtexit.o)
    0x08000158   0x00000000   Code   RO          484    .ARM.Collect$$rtexit$$00000002  c_p.l(rtexit2.o)
    0x08000158   0x00000004   Code   RO          485    .ARM.Collect$$rtexit$$00000003  c_p.l(rtexit2.o)
    0x0800015c   0x00000006   Code   RO          486    .ARM.Collect$$rtexit$$00000004  c_p.l(rtexit2.o)
    0x08000162   0x0000000a   Code   RO            2    .text               main.o
    0x0800016c   0x0000001e   Code   RO           58    .text               runtime.o
    0x0800018a   0x00000002   PAD
    0x0800018c   0x00000038   Code   RO           94  * .text               startup_stm32f0xx.o
    0x080001c4   0x0000003c   Code   RO           99    .text               stf030_interrupt.o
    0x08000200   0x00000168   Code   RO          139    .text               stf030_timer.o
    0x08000368   0x00000090   Code   RO          155    .text               stf030_rcc.o
    0x080003f8   0x00000058   Code   RO          171    .text               led.o
    0x08000450   0x00000002   Code   RO          194    .text               stf030_gpio.o
    0x08000452   0x00000002   PAD
    0x08000454   0x0000069e   Code   RO          210    .text               futaba_vfd.o
    0x08000af2   0x00000002   PAD
    0x08000af4   0x00000158   Code   RO          236    .text               system_stm32f0xx.o
    0x08000c4c   0x00000090   Code   RO          258    .text               delay.o
    0x08000cdc   0x0000015c   Code   RO          276    .text               stm32f0xx_gpio.o
    0x08000e38   0x0000040c   Code   RO          292    .text               stm32f0xx_rcc.o
    0x08001244   0x0000007c   Code   RO          310    .text               stm32f0xx_misc.o
    0x080012c0   0x0000091c   Code   RO          361    .text               stm32f0xx_tim.o
    0x08001bdc   0x0000015a   Code   RO          379    .text               c_p.l(aeabi_sdiv.o)
    0x08001d36   0x00000006   Code   RO          383    .text               c_p.l(heapauxi.o)
    0x08001d3c   0x0000003e   Code   RO          409    .text               c_p.l(sys_stackheap_outer.o)
    0x08001d7a   0x0000000c   Code   RO          412    .text               c_p.l(exit.o)
    0x08001d86   0x00000002   PAD
    0x08001d88   0x00000008   Code   RO          424    .text               c_p.l(libspace.o)
    0x08001d90   0x0000000c   Code   RO          481    .text               c_p.l(sys_exit.o)
    0x08001d9c   0x00000002   Code   RO          500    .text               c_p.l(use_no_semi.o)
    0x08001d9e   0x00000000   Code   RO          502    .text               c_p.l(indicate_semi.o)
    0x08001d9e   0x0000001a   Code   RO          229    i.__ARM_common_switch8  futaba_vfd.o
    0x08001db8   0x00000020   Data   RO          551    Region$$Table       anon$$obj.o


    Execution Region ER_RW (Base: 0x20000000, Size: 0x0000004c, Max: 0xffffffff, ABSOLUTE)

    Base Addr    Size         Type   Attr      Idx    E Section Name        Object

    0x20000000   0x00000001   Data   RW          175    .data               led.o
    0x20000001   0x00000022   Data   RW          211    .data               futaba_vfd.o
    0x20000023   0x00000001   PAD
    0x20000024   0x00000014   Data   RW          237    .data               system_stm32f0xx.o
    0x20000038   0x00000004   Data   RW          259    .data               delay.o
    0x2000003c   0x00000010   Data   RW          293    .data               stm32f0xx_rcc.o


    Execution Region ER_ZI (Base: 0x2000004c, Size: 0x00000664, Max: 0xffffffff, ABSOLUTE)

    Base Addr    Size         Type   Attr      Idx    E Section Name        Object

    0x2000004c   0x00000060   Zero   RW          425    .bss                c_p.l(libspace.o)
    0x200000ac   0x00000004   PAD
    0x200000b0   0x00000200   Zero   RW           92    HEAP                startup_stm32f0xx.o
    0x200002b0   0x00000400   Zero   RW           91    STACK               startup_stm32f0xx.o


==============================================================================

Image component sizes


      Code (inc. data)   RO Data    RW Data    ZI Data      Debug   Object Name

       144         16          0          4          0        931   delay.o
      1720         18          0         34          0       5529   futaba_vfd.o
        88         10          0          1          0        930   led.o
        10          0          0          0          0      19527   main.o
        30          0          0          0          0        583   runtime.o
        56         26        192          0       1536        604   startup_stm32f0xx.o
         2          0          0          0          0        420   stf030_gpio.o
        60          8          0          0          0     104795   stf030_interrupt.o
       144          8          0          0          0        923   stf030_rcc.o
       360         16          0          0          0       1129   stf030_timer.o
       348         22          0          0          0       3157   stm32f0xx_gpio.o
       124         16          0          0          0       1256   stm32f0xx_misc.o
      1036         38          0         16          0       7590   stm32f0xx_rcc.o
      2332        122          0          0          0      17707   stm32f0xx_tim.o
       344         28          0         20          0       1651   system_stm32f0xx.o

    ----------------------------------------------------------------------
      6804        328        224         76       1536     166732   Object Totals
         0          0         32          0          0          0   (incl. Generated)
         6          0          0          1          0          0   (incl. Padding)

    ----------------------------------------------------------------------

      Code (inc. data)   RO Data    RW Data    ZI Data      Debug   Library Member Name

         8          0          0          0          0         68   __main.o
         0          0          0          0          0          0   __rtentry.o
        12          0          0          0          0          0   __rtentry2.o
         6          0          0          0          0          0   __rtentry4.o
        60          8          0          0          0          0   __scatter.o
        26          0          0          0          0          0   __scatter_copy.o
        28          0          0          0          0          0   __scatter_zi.o
       346          0          0          0          0         92   aeabi_sdiv.o
        12          0          0          0          0         64   exit.o
         6          0          0          0          0        136   heapauxi.o
         0          0          0          0          0          0   indicate_semi.o
         2          0          0          0          0          0   libinit.o
         2          0          0          0          0          0   libinit2.o
         2          0          0          0          0          0   libshutdown.o
         2          0          0          0          0          0   libshutdown2.o
         8          4          0          0         96         68   libspace.o
         2          0          0          0          0          0   rtexit.o
        10          0          0          0          0          0   rtexit2.o
        12          4          0          0          0         60   sys_exit.o
        62          0          0          0          0         80   sys_stackheap_outer.o
         2          0          0          0          0         68   use_no_semi.o

    ----------------------------------------------------------------------
       612         16          0          0        100        636   Library Totals
         4          0          0          0          4          0   (incl. Padding)

    ----------------------------------------------------------------------

      Code (inc. data)   RO Data    RW Data    ZI Data      Debug   Library Name

       608         16          0          0         96        636   c_p.l

    ----------------------------------------------------------------------
       612         16          0          0        100        636   Library Totals

    ----------------------------------------------------------------------

==============================================================================


      Code (inc. data)   RO Data    RW Data    ZI Data      Debug   

      7416        344        224         76       1636     166124   Grand Totals
      7416        344        224         76       1636     166124   ELF Image Totals
      7416        344        224         76          0          0   ROM Totals

==============================================================================

    Total RO  Size (Code + RO Data)                 7640 (   7.46kB)
    Total RW  Size (RW Data + ZI Data)              1712 (   1.67kB)
    Total ROM Size (Code + RO Data + RW Data)       7716 (   7.54kB)

==============================================================================

